arm=base steps=6000 device=cuda
  trim_static: 21476 -> 18549 frames (14% of frames were dead prefix)
  using cached frames frames_96.npy (21476, 96, 96, 3)
  18549 frames, state_dim=6
WARNING:xformers:A matching Triton is not available, some optimizations will not be enabled
Traceback (most recent call last):
  File "<venv>/xformers/xformers/__init__.py", line 57, in _is_triton_available
    import triton  # noqa
ModuleNotFoundError: No module named 'triton'
  step   100/6000  loss 5.8490  0.51s/step
  step   200/6000  loss 2.3202  0.51s/step
  step   300/6000  loss 1.8923  0.51s/step
  step   400/6000  loss 1.5072  0.51s/step
  step   500/6000  loss 1.2051  0.51s/step
  step   600/6000  loss 1.0082  0.51s/step
  step   700/6000  loss 0.8204  0.51s/step
  step   800/6000  loss 0.6928  0.51s/step
  step   900/6000  loss 0.6121  0.51s/step
  step  1000/6000  loss 0.5189  0.51s/step
  step  1100/6000  loss 0.4644  0.51s/step
  step  1200/6000  loss 0.4127  0.51s/step
  step  1300/6000  loss 0.3800  0.51s/step
  step  1400/6000  loss 0.3620  0.51s/step
  step  1500/6000  loss 0.3408  0.51s/step
  step  1600/6000  loss 0.3239  0.51s/step
  step  1700/6000  loss 0.3033  0.51s/step
  step  1800/6000  loss 0.2961  0.51s/step
  step  1900/6000  loss 0.2825  0.51s/step
  step  2000/6000  loss 0.2727  0.51s/step
  step  2100/6000  loss 0.2566  0.51s/step
  step  2200/6000  loss 0.2583  0.51s/step
  step  2300/6000  loss 0.2538  0.51s/step
  step  2400/6000  loss 0.2469  0.51s/step
  step  2500/6000  loss 0.2342  0.51s/step
  step  2600/6000  loss 0.2284  0.51s/step
  step  2700/6000  loss 0.2262  0.51s/step
  step  2800/6000  loss 0.2282  0.51s/step
  step  2900/6000  loss 0.2124  0.51s/step
  step  3000/6000  loss 0.2092  0.51s/step
  step  3100/6000  loss 0.2055  0.51s/step
  step  3200/6000  loss 0.2053  0.51s/step
  step  3300/6000  loss 0.2012  0.51s/step
  step  3400/6000  loss 0.1985  0.51s/step
  step  3500/6000  loss 0.2018  0.51s/step
  step  3600/6000  loss 0.1908  0.51s/step
  step  3700/6000  loss 0.1899  0.51s/step
  step  3800/6000  loss 0.1917  0.51s/step
  step  3900/6000  loss 0.1880  0.51s/step
  step  4000/6000  loss 0.1820  0.51s/step
  step  4100/6000  loss 0.1869  0.51s/step
  step  4200/6000  loss 0.1856  0.51s/step
  step  4300/6000  loss 0.1867  0.51s/step
  step  4400/6000  loss 0.1882  0.51s/step
  step  4500/6000  loss 0.1832  0.51s/step
  step  4600/6000  loss 0.1878  0.51s/step
  step  4700/6000  loss 0.1768  0.51s/step
  step  4800/6000  loss 0.1713  0.51s/step
  step  4900/6000  loss 0.1773  0.51s/step
  step  5000/6000  loss 0.1709  0.51s/step
  step  5100/6000  loss 0.1655  0.51s/step
  step  5200/6000  loss 0.1740  0.51s/step
  step  5300/6000  loss 0.1647  0.51s/step
  step  5400/6000  loss 0.1681  0.51s/step
  step  5500/6000  loss 0.1649  0.51s/step
  step  5600/6000  loss 0.1611  0.51s/step
  step  5700/6000  loss 0.1584  0.51s/step
  step  5800/6000  loss 0.1603  0.51s/step
  step  5900/6000  loss 0.1546  0.51s/step
  step  6000/6000  loss 0.1513  0.51s/step

loss 5.8490 -> 0.1513 over 6000 steps (50.5 min); saved checkpoints/real50_base_v3_s2
