arm=delta steps=6000 device=cuda
  trim_static: 21476 -> 18549 frames (14% of frames were dead prefix)
  using cached frames frames_96.npy (21476, 96, 96, 3)
  18549 frames, state_dim=12
WARNING:xformers:A matching Triton is not available, some optimizations will not be enabled
Traceback (most recent call last):
  File "<venv>/xformers/xformers/__init__.py", line 57, in _is_triton_available
    import triton  # noqa
ModuleNotFoundError: No module named 'triton'
  step   100/6000  loss 6.7351  0.51s/step
  step   200/6000  loss 2.3192  0.51s/step
  step   300/6000  loss 1.7990  0.51s/step
  step   400/6000  loss 1.4852  0.51s/step
  step   500/6000  loss 1.1845  0.51s/step
  step   600/6000  loss 0.9973  0.51s/step
  step   700/6000  loss 0.8215  0.51s/step
  step   800/6000  loss 0.6752  0.51s/step
  step   900/6000  loss 0.5747  0.51s/step
  step  1000/6000  loss 0.5027  0.51s/step
  step  1100/6000  loss 0.4514  0.51s/step
  step  1200/6000  loss 0.3931  0.51s/step
  step  1300/6000  loss 0.3662  0.51s/step
  step  1400/6000  loss 0.3447  0.51s/step
  step  1500/6000  loss 0.3254  0.51s/step
  step  1600/6000  loss 0.3052  0.51s/step
  step  1700/6000  loss 0.2922  0.51s/step
  step  1800/6000  loss 0.2791  0.51s/step
  step  1900/6000  loss 0.2667  0.51s/step
  step  2000/6000  loss 0.2548  0.51s/step
  step  2100/6000  loss 0.2452  0.51s/step
  step  2200/6000  loss 0.2371  0.51s/step
  step  2300/6000  loss 0.2315  0.51s/step
  step  2400/6000  loss 0.2214  0.51s/step
  step  2500/6000  loss 0.2217  0.51s/step
  step  2600/6000  loss 0.2135  0.51s/step
  step  2700/6000  loss 0.2111  0.51s/step
  step  2800/6000  loss 0.1975  0.51s/step
  step  2900/6000  loss 0.2009  0.51s/step
  step  3000/6000  loss 0.1942  0.51s/step
  step  3100/6000  loss 0.1924  0.51s/step
  step  3200/6000  loss 0.1880  0.51s/step
  step  3300/6000  loss 0.1840  0.51s/step
  step  3400/6000  loss 0.1903  0.51s/step
  step  3500/6000  loss 0.1891  0.51s/step
  step  3600/6000  loss 0.1834  0.51s/step
  step  3700/6000  loss 0.1765  0.51s/step
  step  3800/6000  loss 0.1744  0.51s/step
  step  3900/6000  loss 0.1757  0.51s/step
  step  4000/6000  loss 0.1703  0.51s/step
  step  4100/6000  loss 0.1705  0.51s/step
  step  4200/6000  loss 0.1682  0.51s/step
  step  4300/6000  loss 0.1668  0.51s/step
  step  4400/6000  loss 0.1648  0.51s/step
  step  4500/6000  loss 0.1609  0.51s/step
  step  4600/6000  loss 0.1638  0.51s/step
  step  4700/6000  loss 0.1565  0.51s/step
  step  4800/6000  loss 0.1583  0.51s/step
  step  4900/6000  loss 0.1558  0.51s/step
  step  5000/6000  loss 0.1565  0.51s/step
  step  5100/6000  loss 0.1542  0.51s/step
  step  5200/6000  loss 0.1500  0.51s/step
  step  5300/6000  loss 0.1554  0.51s/step
  step  5400/6000  loss 0.1512  0.51s/step
  step  5500/6000  loss 0.1501  0.51s/step
  step  5600/6000  loss 0.1496  0.51s/step
  step  5700/6000  loss 0.1482  0.51s/step
  step  5800/6000  loss 0.1497  0.51s/step
  step  5900/6000  loss 0.1440  0.51s/step
  step  6000/6000  loss 0.1451  0.51s/step

loss 6.7351 -> 0.1451 over 6000 steps (50.7 min); saved checkpoints/real50_delta_v3_s1
