arm=delta steps=6000 device=cuda
  trim_static: 21476 -> 18549 frames (14% of frames were dead prefix)
  using cached frames frames_96.npy (21476, 96, 96, 3)
  18549 frames, state_dim=12
WARNING:xformers:A matching Triton is not available, some optimizations will not be enabled
Traceback (most recent call last):
  File "<venv>/xformers/xformers/__init__.py", line 57, in _is_triton_available
    import triton  # noqa
ModuleNotFoundError: No module named 'triton'
  step   100/6000  loss 6.0229  0.51s/step
  step   200/6000  loss 2.2863  0.51s/step
  step   300/6000  loss 1.8235  0.50s/step
  step   400/6000  loss 1.4661  0.50s/step
  step   500/6000  loss 1.2139  0.50s/step
  step   600/6000  loss 0.9883  0.50s/step
  step   700/6000  loss 0.8140  0.50s/step
  step   800/6000  loss 0.6768  0.50s/step
  step   900/6000  loss 0.5843  0.50s/step
  step  1000/6000  loss 0.5014  0.50s/step
  step  1100/6000  loss 0.4451  0.50s/step
  step  1200/6000  loss 0.3872  0.50s/step
  step  1300/6000  loss 0.3613  0.50s/step
  step  1400/6000  loss 0.3356  0.50s/step
  step  1500/6000  loss 0.3066  0.50s/step
  step  1600/6000  loss 0.2856  0.50s/step
  step  1700/6000  loss 0.2823  0.51s/step
  step  1800/6000  loss 0.2587  0.51s/step
  step  1900/6000  loss 0.2583  0.51s/step
  step  2000/6000  loss 0.2382  0.51s/step
  step  2100/6000  loss 0.2341  0.51s/step
  step  2200/6000  loss 0.2287  0.51s/step
  step  2300/6000  loss 0.2234  0.51s/step
  step  2400/6000  loss 0.2163  0.51s/step
  step  2500/6000  loss 0.2089  0.51s/step
  step  2600/6000  loss 0.2049  0.51s/step
  step  2700/6000  loss 0.2001  0.51s/step
  step  2800/6000  loss 0.1914  0.51s/step
  step  2900/6000  loss 0.1933  0.51s/step
  step  3000/6000  loss 0.1832  0.51s/step
  step  3100/6000  loss 0.1805  0.51s/step
  step  3200/6000  loss 0.1789  0.51s/step
  step  3300/6000  loss 0.1786  0.51s/step
  step  3400/6000  loss 0.1737  0.51s/step
  step  3500/6000  loss 0.1760  0.51s/step
  step  3600/6000  loss 0.1690  0.51s/step
  step  3700/6000  loss 0.1664  0.51s/step
  step  3800/6000  loss 0.1665  0.51s/step
  step  3900/6000  loss 0.1609  0.51s/step
  step  4000/6000  loss 0.1614  0.51s/step
  step  4100/6000  loss 0.1556  0.51s/step
  step  4200/6000  loss 0.1590  0.51s/step
  step  4300/6000  loss 0.1627  0.50s/step
  step  4400/6000  loss 0.1575  0.50s/step
  step  4500/6000  loss 0.1518  0.50s/step
  step  4600/6000  loss 0.1549  0.50s/step
  step  4700/6000  loss 0.1489  0.50s/step
  step  4800/6000  loss 0.1527  0.50s/step
  step  4900/6000  loss 0.1443  0.50s/step
  step  5000/6000  loss 0.1423  0.50s/step
  step  5100/6000  loss 0.1476  0.50s/step
  step  5200/6000  loss 0.1408  0.50s/step
  step  5300/6000  loss 0.1408  0.50s/step
  step  5400/6000  loss 0.1412  0.50s/step
  step  5500/6000  loss 0.1406  0.50s/step
  step  5600/6000  loss 0.1404  0.50s/step
  step  5700/6000  loss 0.1422  0.50s/step
  step  5800/6000  loss 0.1372  0.50s/step
  step  5900/6000  loss 0.1396  0.50s/step
  step  6000/6000  loss 0.1344  0.50s/step

loss 6.0229 -> 0.1344 over 6000 steps (50.5 min); saved checkpoints/real50_delta_v3_s2
